// Jest Snapshot v1, https://goo.gl/fbAQLP

exports[`Header should render correctly 1`] = `
<DocumentFragment>
  <header
    class="root"
  >
    <a
      href="/"
    >
      <svg
        class="logo"
      >
        logo.svg
      </svg>
    </a>
  </header>
</DocumentFragment>
`;
