// Jest Snapshot v1, https://goo.gl/fbAQLP

exports[`Accordion should render collapsed content 1`] = `
<DocumentFragment>
  <div
    class="root"
  >
    toggle
    <span
      class="material-icons icon"
    >
      expand_more
    </span>
  </div>
  <div
    class="hidden"
    data-testid="accordionContent"
  >
    test text
  </div>
</DocumentFragment>
`;
